....................................................................     [100%]
68 passed in 0.64s
